python : ImportError while loading conftest 'E:\trae-label_projects\share\SOLO_DOG_11_2\sol
o_dog_11_28\gy-59\backend\tests\conftest.py'.
所在位置 行:1 字符: 5
+ & { python -m pytest E:\trae-label_projects\share\SOLO_DOG_11_2\solo_ ...
+     ~~~~~~~~~~~~~~~~~~~~~~~~~~~~~~~~~~~~~~~~~~~~~~~~~~~~~~~~~~~~~~~~~
    + CategoryInfo          : NotSpecified: (ImportError whi...s\conftest.py'.:String) [], 
    RemoteException
    + FullyQualifiedErrorId : NativeCommandError
 
backend\tests\conftest.py:5: in <module>
    from app import create_app
E   ModuleNotFoundError: No module named 'app'
